Tue Sep 15 05:12:09 UTC 2026 - TBH update
Wed Sep 16 05:07:19 UTC 2026 - TBH update
Thu Sep 17 05:12:29 UTC 2026 - TBH update
Fri Sep 18 05:05:04 UTC 2026 - TBH update
Sat Sep 19 04:55:25 UTC 2026 - TBH update
Sun Sep 20 05:17:47 UTC 2026 - TBH update
Mon Sep 21 05:20:16 UTC 2026 - TBH update
Tue Sep 22 05:17:39 UTC 2026 - TBH update
Wed Sep 23 05:03:35 UTC 2026 - TBH update
Thu Sep 24 05:14:33 UTC 2026 - TBH update
Fri Sep 25 05:16:11 UTC 2026 - TBH update
Sat Sep 26 05:21:21 UTC 2026 - TBH update
Sun Sep 27 05:37:21 UTC 2026 - TBH update
Mon Sep 28 05:45:17 UTC 2026 - TBH update
Tue Sep 29 06:03:26 UTC 2026 - TBH update
Wed Sep 30 05:52:33 UTC 2026 - TBH update
Thu Oct  1 06:26:13 UTC 2026 - TBH update
Fri Oct  2 06:04:25 UTC 2026 - TBH update
Sat Oct  3 05:38:43 UTC 2026 - TBH update
Sun Oct  4 06:13:45 UTC 2026 - TBH update
Mon Oct  5 06:06:20 UTC 2026 - TBH update
Tue Oct  6 06:46:49 UTC 2026 - TBH update
Wed Oct  7 06:21:25 UTC 2026 - TBH update
